// Jest Snapshot v1, https://goo.gl/fbAQLP

exports[`ResourceItem Component renders the UI as expected 1`] = `
<li
  className="resource_item_content"
>
  <a
    href="https://www.google.com"
    rel="noreferrer"
    target="_blank"
  >
    test
     â‡¢
  </a>
</li>
`;
