// Jest Snapshot v1, https://goo.gl/fbAQLP

exports[`RecButton Component renders the UI as expected 1`] = `
<div
  className="recbutton_content"
>
  <button
    className="recbutton"
    string="test"
  />
</div>
`;
