// Jest Snapshot v1, https://goo.gl/fbAQLP

exports[`ValidationError Component renders the UI as expected 1`] = `
<div
  className="error"
>
  test
</div>
`;
