// Jest Snapshot v1, https://goo.gl/fbAQLP

exports[`LoginForm Component renders the UI as expected 1`] = `
<div
  className="login_container"
>
  <form
    className="login_form"
    onSubmit={[Function]}
  >
    <h2>
      Login Form
    </h2>
    <p>
      * Required
    </p>
    <section
      className="login_input"
    >
      *
      <input
        aria-label="login username"
        autoComplete="on"
        onChange={[Function]}
        placeholder="username"
        required={true}
        type="text"
      />
      
    </section>
    <section
      className="login_input"
    >
      *
      <input
        aria-label="login password"
        autoComplete="on"
        onChange={[Function]}
        placeholder="password"
        required={true}
        type="password"
      />
      
    </section>
    <div
      className="recbutton_content"
    >
      <button
        className="recbutton"
        type="submit"
      >
        Login
      </button>
    </div>
    <a
      className="login_link"
      href="/signup"
      onClick={[Function]}
    >
      <div
        className="recbutton_content"
      >
        <button
          className="recbutton"
        >
          Sign Up
        </button>
      </div>
    </a>
  </form>
  <div
    className="demo_creds"
  >
    <p>
      Demo Credentials:
    </p>
    <p>
      Username: demo
    </p>
    <p>
      Password: Demo1234!
    </p>
  </div>
</div>
`;
