// Jest Snapshot v1, https://goo.gl/fbAQLP

exports[`Table Component renders the UI as expected 1`] = `
<table>
  <tbody>
    <tr>
      <th>
        Job
      </th>
      <th>
        Company
      </th>
      <th>
        Date Applied
      </th>
      <th>
        Interview Date
      </th>
      <th
        className="last_th"
      >
        Status
      </th>
    </tr>
  </tbody>
</table>
`;
